[0.011s][info][gc] Using The Z Garbage Collector
[0.146s][info][gc] GC(0) Garbage Collection (Warmup) 4M(17%)->4M(17%)
[3.147s][info][gc] GC(1) Garbage Collection (Warmup) 6M(25%)->6M(25%)
[3.242s][info][gc] GC(2) Garbage Collection (Warmup) 10M(42%)->6M(25%)
[3.358s][info][gc] GC(3) Garbage Collection (Allocation Rate) 14M(58%)->10M(42%)
[3.442s][info][gc] GC(4) Garbage Collection (Allocation Rate) 10M(42%)->8M(33%)
[3.551s][info][gc] GC(5) Garbage Collection (Allocation Rate) 10M(42%)->8M(33%)
[3.644s][info][gc] GC(6) Garbage Collection (Allocation Rate) 10M(42%)->8M(33%)
[3.754s][info][gc] GC(7) Garbage Collection (Allocation Rate) 10M(42%)->10M(42%)
[3.858s][info][gc] GC(8) Garbage Collection (Allocation Rate) 10M(42%)->10M(42%)
[3.948s][info][gc] GC(9) Garbage Collection (Allocation Rate) 10M(42%)->10M(42%)
[4.056s][info][gc] GC(10) Garbage Collection (Allocation Rate) 10M(42%)->8M(33%)
[4.147s][info][gc] GC(11) Garbage Collection (Allocation Rate) 10M(42%)->8M(33%)
[8.843s][info][gc] GC(12) Garbage Collection (Proactive) 12M(50%)->8M(33%)
[17.843s][info][gc] GC(13) Garbage Collection (Proactive) 12M(50%)->8M(33%)
[26.853s][info][gc] GC(14) Garbage Collection (Proactive) 12M(50%)->8M(33%)
[38.843s][info][gc] GC(15) Garbage Collection (Proactive) 12M(50%)->6M(25%)
[50.859s][info][gc] GC(16) Garbage Collection (Proactive) 10M(42%)->8M(33%)
[61.551s][info][gc] GC(17) Garbage Collection (Proactive) 12M(50%)->8M(33%)
[72.954s][info][gc] GC(18) Garbage Collection (Proactive) 12M(50%)->8M(33%)
[84.952s][info][gc] GC(19) Garbage Collection (Proactive) 12M(50%)->8M(33%)
[94.952s][info][gc] GC(20) Garbage Collection (Proactive) 12M(50%)->8M(33%)
[100.624s][info][gc] Allocation Stall (main) 15.585ms
[100.628s][info][gc] GC(21) Garbage Collection (Allocation Stall) 24M(100%)->16M(67%)
[100.643s][info][gc] Allocation Stall (main) 6.110ms
[100.644s][info][gc] GC(22) Garbage Collection (Allocation Rate) 16M(67%)->22M(92%)
[100.662s][info][gc] Allocation Stall (main) 15.857ms
[100.663s][info][gc] GC(23) Garbage Collection (Allocation Stall) 24M(100%)->18M(75%)
[100.753s][info][gc] GC(24) Garbage Collection (Allocation Rate) 18M(75%)->8M(33%)
[100.845s][info][gc] GC(25) Garbage Collection (Allocation Rate) 8M(33%)->8M(33%)
[100.954s][info][gc] GC(26) Garbage Collection (Allocation Rate) 10M(42%)->10M(42%)
[101.051s][info][gc] GC(27) Garbage Collection (Allocation Rate) 10M(42%)->8M(33%)
[101.144s][info][gc] GC(28) Garbage Collection (Allocation Rate) 8M(33%)->8M(33%)
[101.251s][info][gc] GC(29) Garbage Collection (Allocation Rate) 8M(33%)->8M(33%)
[101.343s][info][gc] GC(30) Garbage Collection (Allocation Rate) 8M(33%)->8M(33%)
[101.454s][info][gc] GC(31) Garbage Collection (Allocation Rate) 8M(33%)->8M(33%)
[101.952s][info][gc] GC(32) Garbage Collection (Allocation Rate) 10M(42%)->8M(33%)
[102.044s][info][gc] GC(33) Garbage Collection (Allocation Rate) 8M(33%)->8M(33%)
[102.157s][info][gc] GC(34) Garbage Collection (Allocation Rate) 8M(33%)->8M(33%)
[102.248s][info][gc] GC(35) Garbage Collection (Allocation Rate) 8M(33%)->8M(33%)
[102.357s][info][gc] GC(36) Garbage Collection (Allocation Rate) 8M(33%)->8M(33%)
[102.452s][info][gc] GC(37) Garbage Collection (Allocation Rate) 8M(33%)->8M(33%)
[115.057s][info][gc] GC(38) Garbage Collection (Proactive) 12M(50%)->8M(33%)
[128.945s][info][gc] GC(39) Garbage Collection (Proactive) 12M(50%)->8M(33%)
[140.049s][info][gc] GC(40) Garbage Collection (Proactive) 14M(58%)->10M(42%)
[153.953s][info][gc] GC(41) Garbage Collection (Proactive) 14M(58%)->10M(42%)
[166.945s][info][gc] GC(42) Garbage Collection (Proactive) 14M(58%)->10M(42%)
[180.052s][info][gc] GC(43) Garbage Collection (Proactive) 14M(58%)->10M(42%)
[193.947s][info][gc] GC(44) Garbage Collection (Proactive) 14M(58%)->10M(42%)
[207.043s][info][gc] GC(45) Garbage Collection (Proactive) 14M(58%)->10M(42%)
[221.043s][info][gc] GC(46) Garbage Collection (Proactive) 14M(58%)->10M(42%)
[233.158s][info][gc] GC(47) Garbage Collection (Proactive) 14M(58%)->8M(33%)
[245.160s][info][gc] GC(48) Garbage Collection (Proactive) 12M(50%)->8M(33%)
[257.149s][info][gc] GC(49) Garbage Collection (Proactive) 12M(50%)->8M(33%)
[264.257s][info][gc] GC(50) Garbage Collection (Proactive) 12M(50%)->10M(42%)
[276.158s][info][gc] GC(51) Garbage Collection (Proactive) 14M(58%)->8M(33%)
[290.257s][info][gc] GC(52) Garbage Collection (Proactive) 12M(50%)->8M(33%)